Line 1: Combat Vault Test
Line 2: Model: deepseek-coder-v2 16b
Line 3: Test completed successfully at [current date and time]
